   User = aherre4  Micro-68 Assembler  Thu Feb 20 18:20:24 2014  Page = 1


        1  000000       a	xdef Start, Stop, End
        2  000000       	xdef Q1, Q2, Q3, Q4, Q5, Q6, Q7, Q8, Q9, Q10
        3  000000       	xdef v1, v2, v3, v4, v5, v6, v7, v8, v9, v10
        4  000000       
        5  000000       Start:
        6  000000       *******************************************************************
        7  000000       * Put your assembler instructions here
        8  000000       * Write the answer to each question after the corresponding label.
        9  000000       * *** Failure to do so will result in point deductions! ***
       10  000000       *******************************************************************
       11  000000       
       12  000000 13FC 	Q1: MOVE.B #14, v1
                  000E
                  0000
                  0064
       13  000008          	
       14  000008 13F9 	Q2: MOVE.B B, v2
                  0000
                  2710
                  0000
                  0065
       15  000012       
       16  000012 13F9 	Q3: MOVE.B (20000), v3
                  0000
                  4E20
                  0000
                  0066
       17  00001C       
       18  00001C 13F9 	Q4: MOVE.B v4, (20001)
                  0000
                  0067
                  0000
                  4E21
       19  000026       
       20  000026 33FC 	Q5: MOVE.W #-3000, v5
                  F448
                  0000
                  0068
       21  00002E       
       22  00002E 33F9 	Q6: MOVE.W S, v6
                  0000
                  2712
                  0000
                  006A
       23  000038       
       24  000038 33F9 	Q7: MOVE.W (20002), v7
                  0000
                  4E22
                  0000
                  006C
       25  000042       
       26  000042 23FC 	Q8: MOVE.L #-400400, v8
                  FFF9
                  E3F0
                  0000
   User = aherre4  Micro-68 Assembler  Thu Feb 20 18:20:24 2014  Page = 2


                  006E
       27  00004C       
       28  00004C 23F9 	Q9: MOVE.L L, v9
                  0000
                  2714
                  0000
                  0072
       29  000056       
       30  000056 23F9 	Q10: MOVE.L (20004), v10
                  0000
                  4E24
                  0000
                  0076
       31  000060       
       32  000060       
       33  000060 4E71 	Stop:	nop
       34  000062 4E71 		nop
       35  000064       
       36  000064       *************************************************
       37  000064       * Put your variable definitions here...
       38  000064       *************************************************
       39  000064       
       40  000064       v1: DS.B 1	
       41  000065       
       42  000065   F4 	v2: DC.B -12
       43  000066       
       44  000066   A1 	v3: DC.B $A1
       45  000067       
       46  000067   E4 	v4: DC.B -28
       47  000068       
       48  000068       v5: DS.W 1
       49  00006A       
       50  00006A FFF9 	v6: DC.W -7
       51  00006C       
       52  00006C FFC0 	v7: DC.W -%1000000
       53  00006E       
       54  00006E       v8: DS.L 1
       55  000072       
       56  000072 FFFF 	v9: DC.L -15
                  FFF1
       57  000076       
       58  000076 0000 	v10: DC.L @151
                  0069
       59  00007A       
       60  00007A       
       61  00007A       
       62  00007A       *************************************************
       63  00007A       * Don't edit any line below this text!
       64  00007A       *************************************************
       65  00007A       End:
       66  002710                ORG 10000
       67  002710   0D 	B:  dc.b    13
       68  002711   00 	    dc.b     0
       69  002712 FFFC 	S:  dc.w    -4
       70  002714 FFFF 	L:  dc.l    -8
   User = aherre4  Micro-68 Assembler  Thu Feb 20 18:20:24 2014  Page = 3


                  FFF8
       71  002718       
       72  003820                ORG 20000-$1600
       73  003820   85 	    dc.b    -123
       74  003821   00 	    dc.b       0
       75  003822 FEC6 	    dc.w    -314
       76  003824 FFFF 	    dc.l    -4321
                  EF1F
       77  003828       	end
   User = aherre4  Micro-68 Assembler  Thu Feb 20 18:20:24 2014  Page = 4


                             SYMBOL TABLE
                             ************

B          002710            End        00007A            L          002714            
Q1         000000            Q10        000056            Q2         000008            
Q3         000012            Q4         00001C            Q5         000026            
Q6         00002E            Q7         000038            Q8         000042            
Q9         00004C            S          002712            Start      000000            
Stop       000060            a          000000            v1         000064            
v10        000076            v2         000065            v3         000066            
v4         000067            v5         000068            v6         00006A            
v7         00006C            v8         00006E            v9         000072            
   User = aherre4  Micro-68 Assembler  Thu Feb 20 18:20:24 2014  Page = 5


                         CROSS REFERENCE TABLE
                         *********************

             67#
             65#
             70#
             12#
             30#
             14#
             16#
             18#
             20#
             22#
             24#
             26#
             28#
             69#
              5#
             33#
              1#
             40#
             58#
             42#
             44#
             46#
             48#
             50#
             52#
             54#
             56#

